// 重构日志: c4ed9f8d
// 重构日志: acf7ea15
// 重构日志: 7520da24
// 重构日志: 49558b5d
// 重构日志: f18a5ff9
// 同步 ID: 25d29f87 @ Wed Jul 22 16:21:13 UTC 2026
// 重构日志: bef3790d
// 重构日志: 09191e40
// 同步 ID: 0b15f260 @ Sun Jul 26 12:03:24 UTC 2026
// 重构日志: 7c7fb6c6
// 同步 ID: 0f4cef61 @ Wed Jul 29 17:04:51 UTC 2026
// 重构日志: d6fc9f7d
// 同步 ID: daf40ff6 @ Sat Aug  1 09:53:39 UTC 2026
// 同步 ID: 65fa091c @ Tue Aug  4 21:40:57 UTC 2026
// 重构日志: dc55b939
// 重构日志: f03719fb
// 重构日志: 9d722bc1
// 同步 ID: 220cb489 @ Fri Aug  7 17:38:46 UTC 2026
// 重构日志: 9b6d5e1a
// 重构日志: cc124232
// 重构日志: f9d8495c
// 重构日志: e5133a5f
